{"level":"info","message":"starting of a backend project journey","service":"project-camp-backend","timestamp":"2026-05-01 01:13:54"}
{"level":"info","message":"Example app listening on http://localhost:8000","service":"project-camp-backend","timestamp":"2026-05-01 01:13:54"}
{"level":"info","message":"starting of a backend project journey","service":"project-camp-backend","timestamp":"2026-05-01 01:23:59"}
{"level":"info","message":"✅ MongoDB connected","service":"project-camp-backend","timestamp":"2026-05-01 01:24:00"}
{"level":"info","message":"Example app listening on http://localhost:8000","service":"project-camp-backend","timestamp":"2026-05-01 01:24:00"}
{"level":"info","message":"starting of a backend project journey","service":"project-camp-backend","timestamp":"2026-05-01 01:27:12"}
{"level":"info","message":"✅ MongoDB connected","service":"project-camp-backend","timestamp":"2026-05-01 01:27:13"}
{"level":"info","message":"Example app listening on http://localhost:8000","service":"project-camp-backend","timestamp":"2026-05-01 01:27:13"}
{"level":"info","message":"::1 - - [30/Apr/2026:19:57:30 +0000] \"GET / HTTP/1.1\" 200 21 \"-\" \"Mozilla/5.0 (Windows NT 10.0; Win64; x64) AppleWebKit/537.36 (KHTML, like Gecko) Chrome/147.0.0.0 Safari/537.36\"","service":"project-camp-backend","timestamp":"2026-05-01 01:27:30"}
{"level":"info","message":"::1 - - [30/Apr/2026:19:57:30 +0000] \"GET /favicon.ico HTTP/1.1\" 404 150 \"http://localhost:8000/\" \"Mozilla/5.0 (Windows NT 10.0; Win64; x64) AppleWebKit/537.36 (KHTML, like Gecko) Chrome/147.0.0.0 Safari/537.36\"","service":"project-camp-backend","timestamp":"2026-05-01 01:27:30"}
{"level":"info","message":"::1 - - [30/Apr/2026:20:07:19 +0000] \"GET /api-docs HTTP/1.1\" 301 158 \"-\" \"Mozilla/5.0 (Windows NT 10.0; Win64; x64) AppleWebKit/537.36 (KHTML, like Gecko) Chrome/147.0.0.0 Safari/537.36\"","service":"project-camp-backend","timestamp":"2026-05-01 01:37:19"}
{"level":"info","message":"::1 - - [30/Apr/2026:20:07:19 +0000] \"GET /api-docs/ HTTP/1.1\" 200 3106 \"-\" \"Mozilla/5.0 (Windows NT 10.0; Win64; x64) AppleWebKit/537.36 (KHTML, like Gecko) Chrome/147.0.0.0 Safari/537.36\"","service":"project-camp-backend","timestamp":"2026-05-01 01:37:19"}
{"level":"info","message":"::1 - - [30/Apr/2026:20:07:19 +0000] \"GET /api-docs/swagger-ui-init.js HTTP/1.1\" 200 5353 \"http://localhost:8000/api-docs/\" \"Mozilla/5.0 (Windows NT 10.0; Win64; x64) AppleWebKit/537.36 (KHTML, like Gecko) Chrome/147.0.0.0 Safari/537.36\"","service":"project-camp-backend","timestamp":"2026-05-01 01:37:19"}
{"level":"info","message":"::1 - - [30/Apr/2026:20:07:19 +0000] \"GET /api-docs/swagger-ui.css HTTP/1.1\" 200 178977 \"http://localhost:8000/api-docs/\" \"Mozilla/5.0 (Windows NT 10.0; Win64; x64) AppleWebKit/537.36 (KHTML, like Gecko) Chrome/147.0.0.0 Safari/537.36\"","service":"project-camp-backend","timestamp":"2026-05-01 01:37:19"}
{"level":"info","message":"::1 - - [30/Apr/2026:20:07:19 +0000] \"GET /api-docs/swagger-ui-standalone-preset.js HTTP/1.1\" 200 251800 \"http://localhost:8000/api-docs/\" \"Mozilla/5.0 (Windows NT 10.0; Win64; x64) AppleWebKit/537.36 (KHTML, like Gecko) Chrome/147.0.0.0 Safari/537.36\"","service":"project-camp-backend","timestamp":"2026-05-01 01:37:19"}
{"level":"info","message":"::1 - - [30/Apr/2026:20:07:19 +0000] \"GET /api-docs/swagger-ui-bundle.js HTTP/1.1\" 200 1526918 \"http://localhost:8000/api-docs/\" \"Mozilla/5.0 (Windows NT 10.0; Win64; x64) AppleWebKit/537.36 (KHTML, like Gecko) Chrome/147.0.0.0 Safari/537.36\"","service":"project-camp-backend","timestamp":"2026-05-01 01:37:19"}
{"level":"info","message":"::1 - - [30/Apr/2026:20:07:20 +0000] \"GET /api-docs/favicon-32x32.png HTTP/1.1\" 200 628 \"http://localhost:8000/api-docs/\" \"Mozilla/5.0 (Windows NT 10.0; Win64; x64) AppleWebKit/537.36 (KHTML, like Gecko) Chrome/147.0.0.0 Safari/537.36\"","service":"project-camp-backend","timestamp":"2026-05-01 01:37:20"}
{"level":"info","message":"::1 - - [30/Apr/2026:20:08:41 +0000] \"POST /api/v1/auth/register HTTP/1.1\" 201 469 \"http://localhost:8000/api-docs/\" \"Mozilla/5.0 (Windows NT 10.0; Win64; x64) AppleWebKit/537.36 (KHTML, like Gecko) Chrome/147.0.0.0 Safari/537.36\"","service":"project-camp-backend","timestamp":"2026-05-01 01:38:41"}
{"level":"info","message":"::1 - - [30/Apr/2026:20:09:42 +0000] \"POST /api/v1/auth/login HTTP/1.1\" 200 1027 \"http://localhost:8000/api-docs/\" \"Mozilla/5.0 (Windows NT 10.0; Win64; x64) AppleWebKit/537.36 (KHTML, like Gecko) Chrome/147.0.0.0 Safari/537.36\"","service":"project-camp-backend","timestamp":"2026-05-01 01:39:42"}
{"level":"info","message":"starting of a backend project journey","service":"project-camp-backend","timestamp":"2026-05-01 01:46:49"}
{"level":"info","message":"✅ MongoDB connected","service":"project-camp-backend","timestamp":"2026-05-01 01:46:50"}
{"level":"info","message":"Example app listening on http://localhost:8000","service":"project-camp-backend","timestamp":"2026-05-01 01:46:50"}
{"level":"info","message":"starting of a backend project journey","service":"project-camp-backend","timestamp":"2026-05-01 01:52:07"}
{"level":"info","message":"✅ MongoDB connected","service":"project-camp-backend","timestamp":"2026-05-01 01:52:09"}
{"level":"info","message":"Example app listening on http://localhost:8000","service":"project-camp-backend","timestamp":"2026-05-01 01:52:09"}
{"level":"info","message":"::1 - - [30/Apr/2026:20:22:26 +0000] \"POST /api/v1/auth/login HTTP/1.1\" 400 1434 \"-\" \"PostmanRuntime/7.53.0\"","service":"project-camp-backend","timestamp":"2026-05-01 01:52:26"}
{"level":"info","message":"::1 - - [30/Apr/2026:20:25:55 +0000] \"POST /api/v1/auth/login HTTP/1.1\" 200 1027 \"-\" \"PostmanRuntime/7.53.0\"","service":"project-camp-backend","timestamp":"2026-05-01 01:55:55"}
{"level":"info","message":"::1 - - [30/Apr/2026:20:28:14 +0000] \"POST /api/v1/projects HTTP/1.1\" 201 308 \"-\" \"PostmanRuntime/7.53.0\"","service":"project-camp-backend","timestamp":"2026-05-01 01:58:14"}
{"level":"info","message":"::1 - - [30/Apr/2026:20:28:29 +0000] \"GET /api/v1/projects HTTP/1.1\" 200 310 \"-\" \"PostmanRuntime/7.53.0\"","service":"project-camp-backend","timestamp":"2026-05-01 01:58:29"}
{"level":"info","message":"::1 - - [30/Apr/2026:20:29:07 +0000] \"POST /api/v1/projects HTTP/1.1\" 201 315 \"-\" \"PostmanRuntime/7.53.0\"","service":"project-camp-backend","timestamp":"2026-05-01 01:59:07"}
{"level":"info","message":"::1 - - [30/Apr/2026:20:29:11 +0000] \"GET /api/v1/projects HTTP/1.1\" 200 626 \"-\" \"PostmanRuntime/7.53.0\"","service":"project-camp-backend","timestamp":"2026-05-01 01:59:11"}
{"level":"info","message":"starting of a backend project journey","service":"project-camp-backend","timestamp":"2026-05-01 02:00:15"}
{"level":"info","message":"✅ MongoDB connected","service":"project-camp-backend","timestamp":"2026-05-01 02:00:16"}
{"level":"info","message":"Example app listening on http://localhost:8000","service":"project-camp-backend","timestamp":"2026-05-01 02:00:16"}
{"level":"info","message":"::1 - - [30/Apr/2026:20:36:58 +0000] \"DELETE /api/v1/projects/:projectId HTTP/1.1\" 500 1753 \"-\" \"PostmanRuntime/7.53.0\"","service":"project-camp-backend","timestamp":"2026-05-01 02:06:58"}
{"level":"info","message":"::1 - - [30/Apr/2026:20:37:14 +0000] \"DELETE /api/v1/projects/69f3bb5e94cbb91208ff10f9 HTTP/1.1\" 200 29 \"-\" \"PostmanRuntime/7.53.0\"","service":"project-camp-backend","timestamp":"2026-05-01 02:07:14"}
{"level":"info","message":"::1 - - [30/Apr/2026:20:37:24 +0000] \"GET /api/v1/projects HTTP/1.1\" 200 317 \"-\" \"PostmanRuntime/7.53.0\"","service":"project-camp-backend","timestamp":"2026-05-01 02:07:24"}
{"level":"info","message":"::1 - - [30/Apr/2026:20:41:29 +0000] \"GET /api/v1/tasks/69f3bb9394cbb91208ff1102 HTTP/1.1\" 200 146 \"-\" \"PostmanRuntime/7.53.0\"","service":"project-camp-backend","timestamp":"2026-05-01 02:11:29"}
{"level":"info","message":"::1 - - [30/Apr/2026:20:42:38 +0000] \"POST /api/v1/tasks/69f3bb9394cbb91208ff1102 HTTP/1.1\" 201 362 \"-\" \"PostmanRuntime/7.53.0\"","service":"project-camp-backend","timestamp":"2026-05-01 02:12:38"}
{"level":"info","message":"::1 - - [30/Apr/2026:20:43:04 +0000] \"POST /api/v1/tasks/69f3bb9394cbb91208ff1102 HTTP/1.1\" 201 354 \"-\" \"PostmanRuntime/7.53.0\"","service":"project-camp-backend","timestamp":"2026-05-01 02:13:04"}
{"level":"info","message":"::1 - - [30/Apr/2026:20:43:11 +0000] \"GET /api/v1/tasks/69f3bb9394cbb91208ff1102 HTTP/1.1\" 200 705 \"-\" \"PostmanRuntime/7.53.0\"","service":"project-camp-backend","timestamp":"2026-05-01 02:13:11"}
{"level":"info","message":"::1 - - [30/Apr/2026:20:43:30 +0000] \"GET /api/v1/notes/69f3bb9394cbb91208ff1102 HTTP/1.1\" 200 90 \"-\" \"PostmanRuntime/7.53.0\"","service":"project-camp-backend","timestamp":"2026-05-01 02:13:30"}
{"level":"info","message":"::1 - - [30/Apr/2026:20:43:47 +0000] \"POST /api/v1/notes/69f3bb9394cbb91208ff1102 HTTP/1.1\" 201 328 \"-\" \"PostmanRuntime/7.53.0\"","service":"project-camp-backend","timestamp":"2026-05-01 02:13:47"}
{"level":"info","message":"::1 - - [30/Apr/2026:20:44:02 +0000] \"POST /api/v1/notes/69f3bb9394cbb91208ff1102 HTTP/1.1\" 201 318 \"-\" \"PostmanRuntime/7.53.0\"","service":"project-camp-backend","timestamp":"2026-05-01 02:14:02"}
{"level":"info","message":"::1 - - [30/Apr/2026:20:44:08 +0000] \"GET /api/v1/notes/69f3bb9394cbb91208ff1102 HTTP/1.1\" 200 755 \"-\" \"PostmanRuntime/7.53.0\"","service":"project-camp-backend","timestamp":"2026-05-01 02:14:08"}
{"level":"info","message":"::1 - - [30/Apr/2026:20:45:58 +0000] \"GET /api/v1/tasks/69f3bed843b1704f9574f21c HTTP/1.1\" 404 392 \"-\" \"PostmanRuntime/7.53.0\"","service":"project-camp-backend","timestamp":"2026-05-01 02:15:58"}
{"level":"info","message":"::1 - - [30/Apr/2026:20:47:05 +0000] \"GET /api/v1/tasks/69f3bb9394cbb91208ff1102/t/69f3bed843b1704f9574f21c HTTP/1.1\" 200 354 \"-\" \"PostmanRuntime/7.53.0\"","service":"project-camp-backend","timestamp":"2026-05-01 02:17:05"}
{"level":"info","message":"::1 - - [30/Apr/2026:20:49:07 +0000] \"GET /api/v1/tasks/69f3bb9394cbb91208ff1102/t/69f3bed843b1704f9574f21c HTTP/1.1\" 200 354 \"-\" \"PostmanRuntime/7.53.0\"","service":"project-camp-backend","timestamp":"2026-05-01 02:19:07"}
{"level":"info","message":"::1 - - [30/Apr/2026:20:49:27 +0000] \"DELETE /api/v1/tasks/69f3bb9394cbb91208ff1102/t/69f3bed843b1704f9574f21c HTTP/1.1\" 200 83 \"-\" \"PostmanRuntime/7.53.0\"","service":"project-camp-backend","timestamp":"2026-05-01 02:19:27"}
{"level":"info","message":"::1 - - [30/Apr/2026:20:49:36 +0000] \"GET /api/v1/tasks/69f3bb9394cbb91208ff1102 HTTP/1.1\" 200 429 \"-\" \"PostmanRuntime/7.53.0\"","service":"project-camp-backend","timestamp":"2026-05-01 02:19:36"}
{"level":"info","message":"::1 - - [30/Apr/2026:20:50:52 +0000] \"DELETE /api/v1/tasks/69f3bb9394cbb91208ff1102/t/69f3bebd43b1704f9574f216 HTTP/1.1\" 200 83 \"-\" \"PostmanRuntime/7.53.0\"","service":"project-camp-backend","timestamp":"2026-05-01 02:20:52"}
{"level":"info","message":"::1 - - [30/Apr/2026:20:51:00 +0000] \"GET /api/v1/tasks/69f3bb9394cbb91208ff1102 HTTP/1.1\" 200 146 \"-\" \"PostmanRuntime/7.53.0\"","service":"project-camp-backend","timestamp":"2026-05-01 02:21:00"}
{"level":"info","message":"::1 - - [30/Apr/2026:20:52:45 +0000] \"DELETE /api/v1/notes/69f3bb9394cbb91208ff1102/n/69f3bf1243b1704f9574f233 HTTP/1.1\" 200 83 \"-\" \"PostmanRuntime/7.53.0\"","service":"project-camp-backend","timestamp":"2026-05-01 02:22:45"}
{"level":"info","message":"::1 - - [30/Apr/2026:20:52:52 +0000] \"GET /api/v1/notes/69f3bb9394cbb91208ff1102 HTTP/1.1\" 200 427 \"-\" \"PostmanRuntime/7.53.0\"","service":"project-camp-backend","timestamp":"2026-05-01 02:22:52"}
{"level":"info","message":"::1 - - [30/Apr/2026:20:53:11 +0000] \"DELETE /api/v1/notes/69f3bb9394cbb91208ff1102/n/69f3b6c53b14f964dd88f162 HTTP/1.1\" 404 390 \"-\" \"PostmanRuntime/7.53.0\"","service":"project-camp-backend","timestamp":"2026-05-01 02:23:11"}
{"level":"info","message":"::1 - - [30/Apr/2026:20:53:48 +0000] \"DELETE /api/v1/notes/69f3bb9394cbb91208ff1102/n/69f3bf0343b1704f9574f22d HTTP/1.1\" 200 83 \"-\" \"PostmanRuntime/7.53.0\"","service":"project-camp-backend","timestamp":"2026-05-01 02:23:48"}
{"level":"info","message":"::1 - - [30/Apr/2026:20:54:00 +0000] \"GET /api/v1/notes/69f3bb9394cbb91208ff1102 HTTP/1.1\" 200 90 \"-\" \"PostmanRuntime/7.53.0\"","service":"project-camp-backend","timestamp":"2026-05-01 02:24:00"}
{"level":"info","message":"::1 - - [30/Apr/2026:21:00:54 +0000] \"POST /api/v1/projects HTTP/1.1\" 201 315 \"-\" \"PostmanRuntime/7.53.0\"","service":"project-camp-backend","timestamp":"2026-05-01 02:30:54"}
{"level":"info","message":"::1 - - [30/Apr/2026:21:01:04 +0000] \"GET /api/v1/projects HTTP/1.1\" 200 633 \"-\" \"PostmanRuntime/7.53.0\"","service":"project-camp-backend","timestamp":"2026-05-01 02:31:04"}
{"level":"info","message":"::1 - - [30/Apr/2026:21:01:41 +0000] \"POST /api/v1/auth/logout HTTP/1.1\" 200 82 \"-\" \"PostmanRuntime/7.53.0\"","service":"project-camp-backend","timestamp":"2026-05-01 02:31:41"}
{"level":"info","message":"::1 - - [30/Apr/2026:21:02:10 +0000] \"POST /api/v1/projects HTTP/1.1\" 201 321 \"-\" \"PostmanRuntime/7.53.0\"","service":"project-camp-backend","timestamp":"2026-05-01 02:32:10"}
{"level":"info","message":"::1 - - [30/Apr/2026:21:02:21 +0000] \"GET /api/v1/projects HTTP/1.1\" 200 955 \"-\" \"PostmanRuntime/7.53.0\"","service":"project-camp-backend","timestamp":"2026-05-01 02:32:21"}
